// Jest Snapshot v1, https://goo.gl/fbAQLP

exports[`FormAdvanced Render renders without error 1`] = `
<form
  class="search-page__form advanced"
>
  <fieldset
    class="cts-fieldset"
    id="fieldset--type"
  >
    <legend
      class="cts-fieldset__legend"
    >
      <span>
        Cancer Type/Condition
      </span>
    </legend>
    <a
      aria-label="Help"
      class="text-icon-help"
      href="https://www.cancer.gov/about-cancer/treatment/clinical-trials/search/help#cancertype"
      rel="noopener noreferrer"
      target="_blank"
    >
      ?
    </a>
    <div
      class="cts-fieldset__body"
    >
      <input
        type="text"
      />
    </div>
  </fieldset>
  <fieldset
    class="cts-fieldset"
    id="fieldset--age"
  >
    <legend
      class="cts-fieldset__legend"
    >
      <span>
        Age
      </span>
    </legend>
    <a
      aria-label="Help"
      class="text-icon-help"
      href="https://www.cancer.gov/about-cancer/treatment/clinical-trials/search/help#basicsearch"
      rel="noopener noreferrer"
      target="_blank"
    >
      ?
    </a>
    <div
      class="cts-fieldset__body"
    >
      <input
        type="text"
      />
    </div>
  </fieldset>
  <fieldset
    class="cts-fieldset"
    id="fieldset--keyword"
  >
    <legend
      class="cts-fieldset__legend"
    >
      <span>
        Keywords/Phrases
      </span>
    </legend>
    <a
      aria-label="Help"
      class="text-icon-help"
      href="https://www.cancer.gov/about-cancer/treatment/clinical-trials/search/help#keywords"
      rel="noopener noreferrer"
      target="_blank"
    >
      ?
    </a>
    <div
      class="cts-fieldset__body"
    >
      <input
        type="text"
      />
    </div>
  </fieldset>
  <fieldset
    class="cts-fieldset"
    id="fieldset--location"
  >
    <legend
      class="cts-fieldset__legend"
    >
      <span>
        Location
      </span>
    </legend>
    <a
      aria-label="Help"
      class="text-icon-help"
      href="https://www.cancer.gov/about-cancer/treatment/clinical-trials/search/help#location"
      rel="noopener noreferrer"
      target="_blank"
    >
      ?
    </a>
    <div
      class="cts-fieldset__body"
    >
      <input
        type="text"
      />
    </div>
  </fieldset>
  <fieldset
    class="cts-fieldset"
    id="fieldset--trialtype"
  >
    <legend
      class="cts-fieldset__legend"
    >
      <span>
        Trial Type
      </span>
    </legend>
    <a
      aria-label="Help"
      class="text-icon-help"
      href="https://www.cancer.gov/about-cancer/treatment/clinical-trials/search/help#trialtype"
      rel="noopener noreferrer"
      target="_blank"
    >
      ?
    </a>
    <div
      class="cts-fieldset__body"
    >
      <input
        type="text"
      />
    </div>
  </fieldset>
  <fieldset
    class="cts-fieldset"
    id="fieldset--trialtreatment"
  >
    <legend
      class="cts-fieldset__legend"
    >
      <span>
        Drug/Treatment
      </span>
    </legend>
    <a
      aria-label="Help"
      class="text-icon-help"
      href="https://www.cancer.gov/about-cancer/treatment/clinical-trials/search/help#drugtreatment"
      rel="noopener noreferrer"
      target="_blank"
    >
      ?
    </a>
    <div
      class="cts-fieldset__body"
    >
      <input
        type="text"
      />
    </div>
  </fieldset>
  <fieldset
    class="cts-fieldset"
    id="fieldset--trialphase"
  >
    <legend
      class="cts-fieldset__legend"
    >
      <span>
        Trial Phase
      </span>
    </legend>
    <a
      aria-label="Help"
      class="text-icon-help"
      href="https://www.cancer.gov/about-cancer/treatment/clinical-trials/search/help#trialphase"
      rel="noopener noreferrer"
      target="_blank"
    >
      ?
    </a>
    <div
      class="cts-fieldset__body"
    >
      <input
        type="text"
      />
    </div>
  </fieldset>
  <fieldset
    class="cts-fieldset"
    id="fieldset--trialid"
  >
    <legend
      class="cts-fieldset__legend"
    >
      <span>
        Trial ID
      </span>
    </legend>
    <a
      aria-label="Help"
      class="text-icon-help"
      href="https://www.cancer.gov/about-cancer/treatment/clinical-trials/search/help#trialid"
      rel="noopener noreferrer"
      target="_blank"
    >
      ?
    </a>
    <div
      class="cts-fieldset__body"
    >
      <input
        type="text"
      />
    </div>
  </fieldset>
  <fieldset
    class="cts-fieldset"
    id="fieldset--trialinvestigator"
  >
    <legend
      class="cts-fieldset__legend"
    >
      <span>
        Trial Investigators
      </span>
    </legend>
    <a
      aria-label="Help"
      class="text-icon-help"
      href="https://www.cancer.gov/about-cancer/treatment/clinical-trials/search/help#trialinvestigators"
      rel="noopener noreferrer"
      target="_blank"
    >
      ?
    </a>
    <div
      class="cts-fieldset__body"
    >
      <input
        type="text"
      />
    </div>
  </fieldset>
  <fieldset
    class="cts-fieldset"
    id="fieldset--location"
  >
    <legend
      class="cts-fieldset__legend"
    >
      <span>
        Location
      </span>
    </legend>
    <a
      aria-label="Help"
      class="text-icon-help"
      href="https://www.cancer.gov/about-cancer/treatment/clinical-trials/search/help#leadorganization"
      rel="noopener noreferrer"
      target="_blank"
    >
      ?
    </a>
    <div
      class="cts-fieldset__body"
    >
      <input
        type="text"
      />
    </div>
  </fieldset>
</form>
`;
