// Jest Snapshot v1, https://goo.gl/fbAQLP

exports[`RadioButton Render renders without error 1`] = `
<div
  class="radio-button"
>
  RadioButton
</div>
`;
