// Jest Snapshot v1, https://goo.gl/fbAQLP

exports[`Age Render renders without error 1`] = `
<fieldset
  class="cts-fieldset "
  id="fieldset--age"
>
  <legend
    class="cts-fieldset__legend"
  >
    <span>
      Age
    </span>
  </legend>
  <a
    aria-label="Help"
    class="text-icon-help"
    href="https://www.cancer.gov/about-cancer/treatment/clinical-trials/search/help#basicsearch"
    rel="noopener noreferrer"
    target="_blank"
  >
    ?
  </a>
  <div
    class="cts-fieldset__body"
  >
    <div
      class=""
    >
      <label
        class="cts-label"
        for="a"
        id="a-label"
      >
        Enter the age of the participant.
      </label>
      <input
        aria-labelledby="a-label"
        aria-required="false"
        class="cts-input  "
        id="a"
        maxlength="3"
        spellcheck="false"
        type="text"
        value=""
      />
    </div>
  </div>
</fieldset>
`;
