// Jest Snapshot v1, https://goo.gl/fbAQLP

exports[`FormBasic Render renders without error 1`] = `
<form
  class="search-page__form advanced"
>
  <fieldset
    class="cts-fieldset"
    id="fieldset--type"
  >
    <legend
      class="cts-fieldset__legend"
    >
      <span>
        Cancer Type/Keyword
      </span>
    </legend>
    <a
      aria-label="Help"
      class="text-icon-help"
      href="https://www.cancer.gov/about-cancer/treatment/clinical-trials/search/help#basicsearch"
      rel="noopener noreferrer"
      target="_blank"
    >
      ?
    </a>
    <div
      class="cts-fieldset__body"
    >
      <input
        type="text"
      />
    </div>
  </fieldset>
  <fieldset
    class="cts-fieldset"
    id="fieldset--age"
  >
    <legend
      class="cts-fieldset__legend"
    >
      <span>
        Age
      </span>
    </legend>
    <a
      aria-label="Help"
      class="text-icon-help"
      href="https://www.cancer.gov/about-cancer/treatment/clinical-trials/search/help#basicsearch"
      rel="noopener noreferrer"
      target="_blank"
    >
      ?
    </a>
    <div
      class="cts-fieldset__body"
    >
      <input
        type="text"
      />
    </div>
  </fieldset>
  <fieldset
    class="cts-fieldset"
    id="fieldset--zip"
  >
    <legend
      class="cts-fieldset__legend"
    >
      <span>
        U.S. Zip Code
      </span>
    </legend>
    <a
      aria-label="Help"
      class="text-icon-help"
      href="https://www.cancer.gov/about-cancer/treatment/clinical-trials/search/help#basicsearch"
      rel="noopener noreferrer"
      target="_blank"
    >
      ?
    </a>
    <div
      class="cts-fieldset__body"
    >
      <input
        type="text"
      />
    </div>
  </fieldset>
</form>
`;
