// Jest Snapshot v1, https://goo.gl/fbAQLP

exports[`Search reducer has default state 1`] = `
Object {
  "a": "",
  "ct": "",
  "dt": "",
  "fin": Array [],
  "hos": "",
  "hv": false,
  "in": "",
  "lcnty": "United States",
  "lcty": "",
  "lo": "",
  "lst": "",
  "nih": false,
  "q": "",
  "st": Array [],
  "stg": Array [],
  "ti": "",
  "tid": "",
  "tp": Array [],
  "tt": Array [],
  "va": false,
  "z": "",
  "zp": "",
}
`;
