// Jest Snapshot v1, https://goo.gl/fbAQLP

exports[`Search reducer has default state 1`] = `
Object {
  "age": "",
  "type": "",
  "zip": "",
}
`;
