// Jest Snapshot v1, https://goo.gl/fbAQLP

exports[`Delighter Render renders without error 1`] = `
<div
  class="delighter "
>
  <a
    href=""
  >
    <h4 />
  </a>
</div>
`;
