// Jest Snapshot v1, https://goo.gl/fbAQLP

exports[`TagContainer Render renders without error 1`] = `
<div
  class="cts-tag-container"
/>
`;
