// Jest Snapshot v1, https://goo.gl/fbAQLP

exports[`CancerTypeCondition Render renders without error 1`] = `
<fieldset
  class="cts-fieldset "
  id="fieldset--type"
>
  <legend
    class="cts-fieldset__legend"
  >
    <span>
      Cancer Type/Condition
    </span>
  </legend>
  <a
    aria-label="Help"
    class="text-icon-help"
    href="https://www.cancer.gov/about-cancer/treatment/clinical-trials/search/help#cancertype"
    rel="noopener noreferrer"
    target="_blank"
  >
    ?
  </a>
  <div
    class="cts-fieldset__body"
  >
<<<<<<< HEAD
=======
    <p>
      Select a cancer type or condition. Select additional options, if applicable.
    </p>
>>>>>>> 0d6359b5864272369127a33c3a4609d19f3ca437
    <div
      class=""
    >
      <label
        class="cts-label"
<<<<<<< HEAD
        for="cancerTypeCondition"
        id="cancerTypeCondition-label"
      />
      <input
        aria-labelledby="cancerTypeCondition-label"
        aria-required="false"
        class="cts-input null"
        id="cancerTypeCondition"
        name="cancerTypeCondition"
=======
        for="q"
        id="q-label"
      >
        Primary Cancer Type/Condition
      </label>
      <input
        aria-labelledby="q-label"
        aria-required="false"
        class="cts-input  "
        id="q"
        spellcheck="false"
        type="text"
        value=""
      />
    </div>
    <div
      class=""
    >
      <label
        class="cts-label"
        for="st"
        id="st-label"
      >
        Subtype
      </label>
      <input
        aria-labelledby="st-label"
        aria-required="false"
        class="cts-input  "
        id="st"
        spellcheck="false"
        type="text"
        value=""
      />
    </div>
    <div
      class=""
    >
      <label
        class="cts-label"
        for="stage"
        id="stage-label"
      >
        Stage
      </label>
      <input
        aria-labelledby="stage-label"
        aria-required="false"
        class="cts-input  "
        id="stage"
        spellcheck="false"
        type="text"
        value=""
      />
    </div>
    <div
      class=""
    >
      <label
        class="cts-label"
        for="fin"
        id="fin-label"
      >
        Side Effects/Biomarkers/Participant Attributes
      </label>
      <input
        aria-labelledby="fin-label"
        aria-required="false"
        class="cts-input  "
        id="fin"
>>>>>>> 0d6359b5864272369127a33c3a4609d19f3ca437
        spellcheck="false"
        type="text"
        value=""
      />
    </div>
  </div>
</fieldset>
`;
