// Jest Snapshot v1, https://goo.gl/fbAQLP

exports[`Input Render renders without error 1`] = `
<div
  class="input"
>
  Input
</div>
`;
