// Jest Snapshot v1, https://goo.gl/fbAQLP

exports[`InputLabel renders without error 1`] = `
<label
  className="cts-label"
  htmlFor="htmlForTest"
  id="htmlForTest-label"
>
  Label test
</label>
`;
