// Jest Snapshot v1, https://goo.gl/fbAQLP

exports[`ResultsList Render should match snapshot 1`] = `
<div
  class="results-list"
/>
`;
