// Jest Snapshot v1, https://goo.gl/fbAQLP

exports[`ResultsItem Render renders without error 1`] = `
<div
  class="results-item"
>
  ResultsItem
</div>
`;
