// Jest Snapshot v1, https://goo.gl/fbAQLP

exports[`FormBasic Render renders without error 1`] = `
Array [
  <fieldset
    class="cts-fieldset "
    id="fieldset--type"
  >
    <legend
      class="cts-fieldset__legend"
    >
      <span>
        Cancer Type/Keyword
      </span>
    </legend>
    <a
      aria-label="Help"
      class="text-icon-help"
      href="https://www.cancer.gov/about-cancer/treatment/clinical-trials/search/help#basicsearch"
      rel="noopener noreferrer"
      target="_blank"
    >
      ?
    </a>
    <div
      class="cts-fieldset__body"
    >
      <div
        class=""
      >
        <input
          aria-label="Cancer Type/Keyword"
          aria-required="false"
          class="cts-input null"
          id="q"
          name="CancerTypeKeyword"
          placeholder="Start typing to select a cancer type"
          spellcheck="false"
          type="text"
          value=""
        />
      </div>
    </div>
  </fieldset>,
  <div
    class="side-by-side"
  >
    <fieldset
      class="cts-fieldset "
      id="fieldset--age"
    >
      <legend
        class="cts-fieldset__legend"
      >
        <span>
          Age
        </span>
      </legend>
      <a
        aria-label="Help"
        class="text-icon-help"
        href="https://www.cancer.gov/about-cancer/treatment/clinical-trials/search/help#basicsearch"
        rel="noopener noreferrer"
        target="_blank"
      >
        ?
      </a>
      <div
        class="cts-fieldset__body"
      >
        <div
          class=""
        >
          <label
            class="cts-label"
            for="a"
            id="a-label"
          >
            Enter the age of the participant.
          </label>
          <input
            aria-labelledby="a-label"
            aria-required="false"
            class="cts-input null"
            id="a"
            maxlength="3"
            name="age"
            spellcheck="false"
            type="text"
            value=""
          />
        </div>
      </div>
    </fieldset>
    <fieldset
      class="cts-fieldset "
      id="fieldset--zip"
    >
      <legend
        class="cts-fieldset__legend"
      >
        <span>
          U.S. Zip Code
        </span>
      </legend>
      <a
        aria-label="Help"
        class="text-icon-help"
        href="https://www.cancer.gov/about-cancer/treatment/clinical-trials/search/help#basicsearch"
        rel="noopener noreferrer"
        target="_blank"
      >
        ?
      </a>
      <div
        class="cts-fieldset__body"
      >
        <div
          class=""
        >
          <label
            class="cts-label"
            for="z"
            id="z-label"
          />
          <input
            aria-labelledby="z-label"
            aria-required="false"
            class="cts-input null"
            id="z"
            maxlength="5"
            name="zip"
            spellcheck="false"
            type="text"
            value=""
          />
          <span
            class="cts-input__help-text"
          >
            Show trials near this U.S. ZIP code.
          </span>
        </div>
      </div>
    </fieldset>
  </div>,
]
`;
