// Jest Snapshot v1, https://goo.gl/fbAQLP

exports[`Select Render renders without error 1`] = `
<div
  class="select"
>
  Select
</div>
`;
